Archive member included to satisfy reference by file (symbol)

c:/program files (x86)/atmel/studio/7.0/toolchain/avr8/avr8-gnu-toolchain/bin/../lib/gcc/avr/5.4.0/avr5\libgcc.a(_exit.o)
                              C:/Program Files (x86)/Atmel/Studio/7.0/Packs/atmel/ATmega_DFP/1.6.364/gcc/dev/atmega32a/avr5/crtatmega32a.o (exit)
c:/program files (x86)/atmel/studio/7.0/toolchain/avr8/avr8-gnu-toolchain/bin/../lib/gcc/avr/5.4.0/avr5\libgcc.a(_clear_bss.o)
                              application/APPLICATION.o (__do_clear_bss)

Allocating common symbols
Common symbol       size              file

DelayCounter1       0x4               application/APPLICATION.o
DelayCounter        0x4               application/APPLICATION.o

Discarded input sections

 .data          0x00000000        0x0 C:/Program Files (x86)/Atmel/Studio/7.0/Packs/atmel/ATmega_DFP/1.6.364/gcc/dev/atmega32a/avr5/crtatmega32a.o
 .bss           0x00000000        0x0 C:/Program Files (x86)/Atmel/Studio/7.0/Packs/atmel/ATmega_DFP/1.6.364/gcc/dev/atmega32a/avr5/crtatmega32a.o
 .text          0x00000000        0x0 application/APPLICATION.o
 .data          0x00000000        0x0 application/APPLICATION.o
 .bss           0x00000000        0x0 application/APPLICATION.o
 .text          0x00000000        0x0 HAL/Buttons/ButtonProgram.o
 .data          0x00000000        0x0 HAL/Buttons/ButtonProgram.o
 .bss           0x00000000        0x0 HAL/Buttons/ButtonProgram.o
 .text.ButtonConfig
                0x00000000       0x32 HAL/Buttons/ButtonProgram.o
 .debug_info    0x00000000      0x145 HAL/Buttons/ButtonProgram.o
 .debug_abbrev  0x00000000       0xc1 HAL/Buttons/ButtonProgram.o
 .debug_loc     0x00000000      0x174 HAL/Buttons/ButtonProgram.o
 .debug_aranges
                0x00000000       0x20 HAL/Buttons/ButtonProgram.o
 .debug_ranges  0x00000000       0x10 HAL/Buttons/ButtonProgram.o
 .debug_line    0x00000000      0x189 HAL/Buttons/ButtonProgram.o
 .debug_str     0x00000000      0x225 HAL/Buttons/ButtonProgram.o
 .comment       0x00000000       0x31 HAL/Buttons/ButtonProgram.o
 .debug_frame   0x00000000       0x24 HAL/Buttons/ButtonProgram.o
 .text          0x00000000        0x0 HAL/LEDS/LED_Program.o
 .data          0x00000000        0x0 HAL/LEDS/LED_Program.o
 .bss           0x00000000        0x0 HAL/LEDS/LED_Program.o
 .text          0x00000000        0x0 main.o
 .data          0x00000000        0x0 main.o
 .bss           0x00000000        0x0 main.o
 .text          0x00000000        0x0 MCAL/DIO/DIO_PROGRAM.o
 .data          0x00000000        0x0 MCAL/DIO/DIO_PROGRAM.o
 .bss           0x00000000        0x0 MCAL/DIO/DIO_PROGRAM.o
 .text          0x00000000        0x0 MCAL/EXTERNAL INTERRUPT/EXT_INT_PROGRAM.o
 .data          0x00000000        0x0 MCAL/EXTERNAL INTERRUPT/EXT_INT_PROGRAM.o
 .bss           0x00000000        0x0 MCAL/EXTERNAL INTERRUPT/EXT_INT_PROGRAM.o
 .text.EXT_DISABLE
                0x00000000       0x38 MCAL/EXTERNAL INTERRUPT/EXT_INT_PROGRAM.o
 .text          0x00000000        0x0 MCAL/Timer/TIMER_PROGRAM.o
 .data          0x00000000        0x0 MCAL/Timer/TIMER_PROGRAM.o
 .bss           0x00000000        0x0 MCAL/Timer/TIMER_PROGRAM.o
 .text.Timer0TOV_Init
                0x00000000       0x46 MCAL/Timer/TIMER_PROGRAM.o
 .text.Timer0CTC_Init
                0x00000000       0x82 MCAL/Timer/TIMER_PROGRAM.o
 .text.Timer0_Off
                0x00000000       0x10 MCAL/Timer/TIMER_PROGRAM.o
 .text          0x00000000        0x0 c:/program files (x86)/atmel/studio/7.0/toolchain/avr8/avr8-gnu-toolchain/bin/../lib/gcc/avr/5.4.0/avr5\libgcc.a(_exit.o)
 .data          0x00000000        0x0 c:/program files (x86)/atmel/studio/7.0/toolchain/avr8/avr8-gnu-toolchain/bin/../lib/gcc/avr/5.4.0/avr5\libgcc.a(_exit.o)
 .bss           0x00000000        0x0 c:/program files (x86)/atmel/studio/7.0/toolchain/avr8/avr8-gnu-toolchain/bin/../lib/gcc/avr/5.4.0/avr5\libgcc.a(_exit.o)
 .text.libgcc.mul
                0x00000000        0x0 c:/program files (x86)/atmel/studio/7.0/toolchain/avr8/avr8-gnu-toolchain/bin/../lib/gcc/avr/5.4.0/avr5\libgcc.a(_exit.o)
 .text.libgcc.div
                0x00000000        0x0 c:/program files (x86)/atmel/studio/7.0/toolchain/avr8/avr8-gnu-toolchain/bin/../lib/gcc/avr/5.4.0/avr5\libgcc.a(_exit.o)
 .text.libgcc   0x00000000        0x0 c:/program files (x86)/atmel/studio/7.0/toolchain/avr8/avr8-gnu-toolchain/bin/../lib/gcc/avr/5.4.0/avr5\libgcc.a(_exit.o)
 .text.libgcc.prologue
                0x00000000        0x0 c:/program files (x86)/atmel/studio/7.0/toolchain/avr8/avr8-gnu-toolchain/bin/../lib/gcc/avr/5.4.0/avr5\libgcc.a(_exit.o)
 .text.libgcc.builtins
                0x00000000        0x0 c:/program files (x86)/atmel/studio/7.0/toolchain/avr8/avr8-gnu-toolchain/bin/../lib/gcc/avr/5.4.0/avr5\libgcc.a(_exit.o)
 .text.libgcc.fmul
                0x00000000        0x0 c:/program files (x86)/atmel/studio/7.0/toolchain/avr8/avr8-gnu-toolchain/bin/../lib/gcc/avr/5.4.0/avr5\libgcc.a(_exit.o)
 .text.libgcc.fixed
                0x00000000        0x0 c:/program files (x86)/atmel/studio/7.0/toolchain/avr8/avr8-gnu-toolchain/bin/../lib/gcc/avr/5.4.0/avr5\libgcc.a(_exit.o)
 .text          0x00000000        0x0 c:/program files (x86)/atmel/studio/7.0/toolchain/avr8/avr8-gnu-toolchain/bin/../lib/gcc/avr/5.4.0/avr5\libgcc.a(_clear_bss.o)
 .data          0x00000000        0x0 c:/program files (x86)/atmel/studio/7.0/toolchain/avr8/avr8-gnu-toolchain/bin/../lib/gcc/avr/5.4.0/avr5\libgcc.a(_clear_bss.o)
 .bss           0x00000000        0x0 c:/program files (x86)/atmel/studio/7.0/toolchain/avr8/avr8-gnu-toolchain/bin/../lib/gcc/avr/5.4.0/avr5\libgcc.a(_clear_bss.o)
 .text.libgcc.mul
                0x00000000        0x0 c:/program files (x86)/atmel/studio/7.0/toolchain/avr8/avr8-gnu-toolchain/bin/../lib/gcc/avr/5.4.0/avr5\libgcc.a(_clear_bss.o)
 .text.libgcc.div
                0x00000000        0x0 c:/program files (x86)/atmel/studio/7.0/toolchain/avr8/avr8-gnu-toolchain/bin/../lib/gcc/avr/5.4.0/avr5\libgcc.a(_clear_bss.o)
 .text.libgcc   0x00000000        0x0 c:/program files (x86)/atmel/studio/7.0/toolchain/avr8/avr8-gnu-toolchain/bin/../lib/gcc/avr/5.4.0/avr5\libgcc.a(_clear_bss.o)
 .text.libgcc.prologue
                0x00000000        0x0 c:/program files (x86)/atmel/studio/7.0/toolchain/avr8/avr8-gnu-toolchain/bin/../lib/gcc/avr/5.4.0/avr5\libgcc.a(_clear_bss.o)
 .text.libgcc.builtins
                0x00000000        0x0 c:/program files (x86)/atmel/studio/7.0/toolchain/avr8/avr8-gnu-toolchain/bin/../lib/gcc/avr/5.4.0/avr5\libgcc.a(_clear_bss.o)
 .text.libgcc.fmul
                0x00000000        0x0 c:/program files (x86)/atmel/studio/7.0/toolchain/avr8/avr8-gnu-toolchain/bin/../lib/gcc/avr/5.4.0/avr5\libgcc.a(_clear_bss.o)
 .text.libgcc.fixed
                0x00000000        0x0 c:/program files (x86)/atmel/studio/7.0/toolchain/avr8/avr8-gnu-toolchain/bin/../lib/gcc/avr/5.4.0/avr5\libgcc.a(_clear_bss.o)

Memory Configuration

Name             Origin             Length             Attributes
text             0x00000000         0x00008000         xr
data             0x00800060         0x00000800         rw !x
eeprom           0x00810000         0x00000400         rw !x
fuse             0x00820000         0x00000002         rw !x
lock             0x00830000         0x00000400         rw !x
signature        0x00840000         0x00000400         rw !x
user_signatures  0x00850000         0x00000400         rw !x
*default*        0x00000000         0xffffffff

Linker script and memory map

LOAD C:/Program Files (x86)/Atmel/Studio/7.0/Packs/atmel/ATmega_DFP/1.6.364/gcc/dev/atmega32a/avr5/crtatmega32a.o
LOAD application/APPLICATION.o
LOAD HAL/Buttons/ButtonProgram.o
LOAD HAL/LEDS/LED_Program.o
LOAD main.o
LOAD MCAL/DIO/DIO_PROGRAM.o
LOAD MCAL/EXTERNAL INTERRUPT/EXT_INT_PROGRAM.o
LOAD MCAL/Timer/TIMER_PROGRAM.o
START GROUP
LOAD c:/program files (x86)/atmel/studio/7.0/toolchain/avr8/avr8-gnu-toolchain/bin/../lib/gcc/avr/5.4.0/../../../../avr/lib/avr5\libm.a
END GROUP
START GROUP
LOAD c:/program files (x86)/atmel/studio/7.0/toolchain/avr8/avr8-gnu-toolchain/bin/../lib/gcc/avr/5.4.0/avr5\libgcc.a
LOAD c:/program files (x86)/atmel/studio/7.0/toolchain/avr8/avr8-gnu-toolchain/bin/../lib/gcc/avr/5.4.0/../../../../avr/lib/avr5\libm.a
LOAD c:/program files (x86)/atmel/studio/7.0/toolchain/avr8/avr8-gnu-toolchain/bin/../lib/gcc/avr/5.4.0/../../../../avr/lib/avr5\libc.a
LOAD C:/Program Files (x86)/Atmel/Studio/7.0/Packs/atmel/ATmega_DFP/1.6.364/gcc/dev/atmega32a/avr5\libatmega32a.a
END GROUP
                [0x00000000]                __TEXT_REGION_ORIGIN__ = DEFINED (__TEXT_REGION_ORIGIN__)?__TEXT_REGION_ORIGIN__:0x0
                [0x00800060]                __DATA_REGION_ORIGIN__ = DEFINED (__DATA_REGION_ORIGIN__)?__DATA_REGION_ORIGIN__:0x800060
                [0x00008000]                __TEXT_REGION_LENGTH__ = DEFINED (__TEXT_REGION_LENGTH__)?__TEXT_REGION_LENGTH__:0x20000
                [0x00000800]                __DATA_REGION_LENGTH__ = DEFINED (__DATA_REGION_LENGTH__)?__DATA_REGION_LENGTH__:0xffa0
                [0x00000400]                __EEPROM_REGION_LENGTH__ = DEFINED (__EEPROM_REGION_LENGTH__)?__EEPROM_REGION_LENGTH__:0x10000
                [0x00000002]                __FUSE_REGION_LENGTH__ = DEFINED (__FUSE_REGION_LENGTH__)?__FUSE_REGION_LENGTH__:0x400
                0x00000400                __LOCK_REGION_LENGTH__ = DEFINED (__LOCK_REGION_LENGTH__)?__LOCK_REGION_LENGTH__:0x400
                0x00000400                __SIGNATURE_REGION_LENGTH__ = DEFINED (__SIGNATURE_REGION_LENGTH__)?__SIGNATURE_REGION_LENGTH__:0x400
                0x00000400                __USER_SIGNATURE_REGION_LENGTH__ = DEFINED (__USER_SIGNATURE_REGION_LENGTH__)?__USER_SIGNATURE_REGION_LENGTH__:0x400

.hash
 *(.hash)

.dynsym
 *(.dynsym)

.dynstr
 *(.dynstr)

.gnu.version
 *(.gnu.version)

.gnu.version_d
 *(.gnu.version_d)

.gnu.version_r
 *(.gnu.version_r)

.rel.init
 *(.rel.init)

.rela.init
 *(.rela.init)

.rel.text
 *(.rel.text)
 *(.rel.text.*)
 *(.rel.gnu.linkonce.t*)

.rela.text
 *(.rela.text)
 *(.rela.text.*)
 *(.rela.gnu.linkonce.t*)

.rel.fini
 *(.rel.fini)

.rela.fini
 *(.rela.fini)

.rel.rodata
 *(.rel.rodata)
 *(.rel.rodata.*)
 *(.rel.gnu.linkonce.r*)

.rela.rodata
 *(.rela.rodata)
 *(.rela.rodata.*)
 *(.rela.gnu.linkonce.r*)

.rel.data
 *(.rel.data)
 *(.rel.data.*)
 *(.rel.gnu.linkonce.d*)

.rela.data
 *(.rela.data)
 *(.rela.data.*)
 *(.rela.gnu.linkonce.d*)

.rel.ctors
 *(.rel.ctors)

.rela.ctors
 *(.rela.ctors)

.rel.dtors
 *(.rel.dtors)

.rela.dtors
 *(.rela.dtors)

.rel.got
 *(.rel.got)

.rela.got
 *(.rela.got)

.rel.bss
 *(.rel.bss)

.rela.bss
 *(.rela.bss)

.rel.plt
 *(.rel.plt)

.rela.plt
 *(.rela.plt)

.text           0x00000000      0x9b8
 *(.vectors)
 .vectors       0x00000000       0x54 C:/Program Files (x86)/Atmel/Studio/7.0/Packs/atmel/ATmega_DFP/1.6.364/gcc/dev/atmega32a/avr5/crtatmega32a.o
                0x00000000                __vector_default
                0x00000000                __vectors
 *(.vectors)
 *(.progmem.gcc*)
                0x00000054                . = ALIGN (0x2)
                0x00000054                __trampolines_start = .
 *(.trampolines)
 .trampolines   0x00000054        0x0 linker stubs
 *(.trampolines*)
                0x00000054                __trampolines_end = .
 *libprintf_flt.a:*(.progmem.data)
 *libc.a:*(.progmem.data)
 *(.progmem*)
                0x00000054                . = ALIGN (0x2)
 *(.jumptables)
 *(.jumptables*)
 *(.lowtext)
 *(.lowtext*)
                0x00000054                __ctors_start = .
 *(.ctors)
                0x00000054                __ctors_end = .
                0x00000054                __dtors_start = .
 *(.dtors)
                0x00000054                __dtors_end = .
 SORT(*)(.ctors)
 SORT(*)(.dtors)
 *(.init0)
 .init0         0x00000054        0x0 C:/Program Files (x86)/Atmel/Studio/7.0/Packs/atmel/ATmega_DFP/1.6.364/gcc/dev/atmega32a/avr5/crtatmega32a.o
                0x00000054                __init
 *(.init0)
 *(.init1)
 *(.init1)
 *(.init2)
 .init2         0x00000054        0xc C:/Program Files (x86)/Atmel/Studio/7.0/Packs/atmel/ATmega_DFP/1.6.364/gcc/dev/atmega32a/avr5/crtatmega32a.o
 *(.init2)
 *(.init3)
 *(.init3)
 *(.init4)
 .init4         0x00000060       0x10 c:/program files (x86)/atmel/studio/7.0/toolchain/avr8/avr8-gnu-toolchain/bin/../lib/gcc/avr/5.4.0/avr5\libgcc.a(_clear_bss.o)
                0x00000060                __do_clear_bss
 *(.init4)
 *(.init5)
 *(.init5)
 *(.init6)
 *(.init6)
 *(.init7)
 *(.init7)
 *(.init8)
 *(.init8)
 *(.init9)
 .init9         0x00000070        0x8 C:/Program Files (x86)/Atmel/Studio/7.0/Packs/atmel/ATmega_DFP/1.6.364/gcc/dev/atmega32a/avr5/crtatmega32a.o
 *(.init9)
 *(.text)
 .text          0x00000078        0x4 C:/Program Files (x86)/Atmel/Studio/7.0/Packs/atmel/ATmega_DFP/1.6.364/gcc/dev/atmega32a/avr5/crtatmega32a.o
                0x00000078                __vector_12
                0x00000078                __bad_interrupt
                0x00000078                __vector_6
                0x00000078                __vector_13
                0x00000078                __vector_17
                0x00000078                __vector_19
                0x00000078                __vector_7
                0x00000078                __vector_5
                0x00000078                __vector_4
                0x00000078                __vector_9
                0x00000078                __vector_15
                0x00000078                __vector_8
                0x00000078                __vector_14
                0x00000078                __vector_16
                0x00000078                __vector_18
                0x00000078                __vector_20
                0x0000007c                . = ALIGN (0x2)
 *(.text.*)
 .text.PedTraffic_change
                0x0000007c      0x12e application/APPLICATION.o
                0x0000007c                PedTraffic_change
 .text.CarTraffic_init
                0x000001aa       0x2a application/APPLICATION.o
                0x000001aa                CarTraffic_init
 .text.CarTraffic_working
                0x000001d4       0xa0 application/APPLICATION.o
                0x000001d4                CarTraffic_working
 .text.PedTraffic_init
                0x00000274       0x2a application/APPLICATION.o
                0x00000274                PedTraffic_init
 .text.PedTraffic_working
                0x0000029e       0x10 application/APPLICATION.o
                0x0000029e                PedTraffic_working
 .text.LEDConfig
                0x000002ae       0x52 HAL/LEDS/LED_Program.o
                0x000002ae                LEDConfig
 .text.LEDToggle
                0x00000300        0x8 HAL/LEDS/LED_Program.o
                0x00000300                LEDToggle
 .text.main     0x00000308       0x12 main.o
                0x00000308                main
 .text.PinConfig
                0x0000031a      0x108 MCAL/DIO/DIO_PROGRAM.o
                0x0000031a                PinConfig
 .text.PinWrite
                0x00000422       0xa6 MCAL/DIO/DIO_PROGRAM.o
                0x00000422                PinWrite
 .text.PinRead  0x000004c8       0x7c MCAL/DIO/DIO_PROGRAM.o
                0x000004c8                PinRead
 .text.PinToggle
                0x00000544       0x46 MCAL/DIO/DIO_PROGRAM.o
                0x00000544                PinToggle
 .text.EXT_INIT
                0x0000058a      0x112 MCAL/EXTERNAL INTERRUPT/EXT_INT_PROGRAM.o
                0x0000058a                EXT_INIT
 .text.__vector_1
                0x0000069c       0x52 MCAL/EXTERNAL INTERRUPT/EXT_INT_PROGRAM.o
                0x0000069c                __vector_1
 .text.__vector_2
                0x000006ee       0x52 MCAL/EXTERNAL INTERRUPT/EXT_INT_PROGRAM.o
                0x000006ee                __vector_2
 .text.__vector_3
                0x00000740       0x52 MCAL/EXTERNAL INTERRUPT/EXT_INT_PROGRAM.o
                0x00000740                __vector_3
 .text.TImer0DelayCounter
                0x00000792       0x46 MCAL/Timer/TIMER_PROGRAM.o
                0x00000792                TImer0DelayCounter
 .text.Timer0_Reset
                0x000007d8       0x14 MCAL/Timer/TIMER_PROGRAM.o
                0x000007d8                Timer0_Reset
 .text.Timer0_delay_ms
                0x000007ec       0x56 MCAL/Timer/TIMER_PROGRAM.o
                0x000007ec                Timer0_delay_ms
 .text.Timer0_1ms_Init
                0x00000842       0x4e MCAL/Timer/TIMER_PROGRAM.o
                0x00000842                Timer0_1ms_Init
 .text.Timer0DelayNoInt
                0x00000890       0x80 MCAL/Timer/TIMER_PROGRAM.o
                0x00000890                Timer0DelayNoInt
 .text.__vector_10
                0x00000910       0x52 MCAL/Timer/TIMER_PROGRAM.o
                0x00000910                __vector_10
 .text.__vector_11
                0x00000962       0x52 MCAL/Timer/TIMER_PROGRAM.o
                0x00000962                __vector_11
                0x000009b4                . = ALIGN (0x2)
 *(.fini9)
 .fini9         0x000009b4        0x0 c:/program files (x86)/atmel/studio/7.0/toolchain/avr8/avr8-gnu-toolchain/bin/../lib/gcc/avr/5.4.0/avr5\libgcc.a(_exit.o)
                0x000009b4                _exit
                0x000009b4                exit
 *(.fini9)
 *(.fini8)
 *(.fini8)
 *(.fini7)
 *(.fini7)
 *(.fini6)
 *(.fini6)
 *(.fini5)
 *(.fini5)
 *(.fini4)
 *(.fini4)
 *(.fini3)
 *(.fini3)
 *(.fini2)
 *(.fini2)
 *(.fini1)
 *(.fini1)
 *(.fini0)
 .fini0         0x000009b4        0x4 c:/program files (x86)/atmel/studio/7.0/toolchain/avr8/avr8-gnu-toolchain/bin/../lib/gcc/avr/5.4.0/avr5\libgcc.a(_exit.o)
 *(.fini0)
                0x000009b8                _etext = .

.data           0x00800060        0x0 load address 0x000009b8
                [!provide]                PROVIDE (__data_start, .)
 *(.data)
 *(.data*)
 *(.gnu.linkonce.d*)
 *(.rodata)
 *(.rodata*)
 *(.gnu.linkonce.r*)
                0x00800060                . = ALIGN (0x2)
                0x00800060                _edata = .
                [!provide]                PROVIDE (__data_end, .)

.bss            0x00800060       0x12
                0x00800060                PROVIDE (__bss_start, .)
 *(.bss)
 *(.bss*)
 .bss.gpPTR2    0x00800060        0x2 MCAL/EXTERNAL INTERRUPT/EXT_INT_PROGRAM.o
                0x00800060                gpPTR2
 .bss.gpPTR1    0x00800062        0x2 MCAL/EXTERNAL INTERRUPT/EXT_INT_PROGRAM.o
                0x00800062                gpPTR1
 .bss.gpPTR0    0x00800064        0x2 MCAL/EXTERNAL INTERRUPT/EXT_INT_PROGRAM.o
                0x00800064                gpPTR0
 .bss.GbTo_CTCtim
                0x00800066        0x2 MCAL/Timer/TIMER_PROGRAM.o
                0x00800066                GbTo_CTCtim
 .bss.GbTo_TOVtim
                0x00800068        0x2 MCAL/Timer/TIMER_PROGRAM.o
                0x00800068                GbTo_TOVtim
 *(COMMON)
 COMMON         0x0080006a        0x8 application/APPLICATION.o
                0x0080006a                DelayCounter1
                0x0080006e                DelayCounter
                0x00800072                PROVIDE (__bss_end, .)
                0x000009b8                __data_load_start = LOADADDR (.data)
                0x000009b8                __data_load_end = (__data_load_start + SIZEOF (.data))

.noinit         0x00800072        0x0
                [!provide]                PROVIDE (__noinit_start, .)
 *(.noinit*)
                [!provide]                PROVIDE (__noinit_end, .)
                0x00800072                _end = .
                [!provide]                PROVIDE (__heap_start, .)

.eeprom         0x00810000        0x0
 *(.eeprom*)
                0x00810000                __eeprom_end = .

.fuse
 *(.fuse)
 *(.lfuse)
 *(.hfuse)
 *(.efuse)

.lock
 *(.lock*)

.signature
 *(.signature*)

.user_signatures
 *(.user_signatures*)

.stab
 *(.stab)

.stabstr
 *(.stabstr)

.stab.excl
 *(.stab.excl)

.stab.exclstr
 *(.stab.exclstr)

.stab.index
 *(.stab.index)

.stab.indexstr
 *(.stab.indexstr)

.comment        0x00000000       0x30
 *(.comment)
 .comment       0x00000000       0x30 application/APPLICATION.o
                                 0x31 (size before relaxing)
 .comment       0x00000030       0x31 HAL/LEDS/LED_Program.o
 .comment       0x00000030       0x31 main.o
 .comment       0x00000030       0x31 MCAL/DIO/DIO_PROGRAM.o
 .comment       0x00000030       0x31 MCAL/EXTERNAL INTERRUPT/EXT_INT_PROGRAM.o
 .comment       0x00000030       0x31 MCAL/Timer/TIMER_PROGRAM.o

.note.gnu.avr.deviceinfo
                0x00000000       0x3c
 .note.gnu.avr.deviceinfo
                0x00000000       0x3c C:/Program Files (x86)/Atmel/Studio/7.0/Packs/atmel/ATmega_DFP/1.6.364/gcc/dev/atmega32a/avr5/crtatmega32a.o

.note.gnu.build-id
 *(.note.gnu.build-id)

.debug
 *(.debug)

.line
 *(.line)

.debug_srcinfo
 *(.debug_srcinfo)

.debug_sfnames
 *(.debug_sfnames)

.debug_aranges  0x00000000      0x168
 *(.debug_aranges)
 .debug_aranges
                0x00000000       0x40 application/APPLICATION.o
 .debug_aranges
                0x00000040       0x28 HAL/LEDS/LED_Program.o
 .debug_aranges
                0x00000068       0x20 main.o
 .debug_aranges
                0x00000088       0x38 MCAL/DIO/DIO_PROGRAM.o
 .debug_aranges
                0x000000c0       0x40 MCAL/EXTERNAL INTERRUPT/EXT_INT_PROGRAM.o
 .debug_aranges
                0x00000100       0x68 MCAL/Timer/TIMER_PROGRAM.o

.debug_pubnames
 *(.debug_pubnames)

.debug_info     0x00000000     0x1547
 *(.debug_info .gnu.linkonce.wi.*)
 .debug_info    0x00000000      0x4e6 C:/Program Files (x86)/Atmel/Studio/7.0/Packs/atmel/ATmega_DFP/1.6.364/gcc/dev/atmega32a/avr5/crtatmega32a.o
 .debug_info    0x000004e6      0x74f application/APPLICATION.o
 .debug_info    0x00000c35      0x204 HAL/LEDS/LED_Program.o
 .debug_info    0x00000e39       0xb0 main.o
 .debug_info    0x00000ee9      0x208 MCAL/DIO/DIO_PROGRAM.o
 .debug_info    0x000010f1      0x1b4 MCAL/EXTERNAL INTERRUPT/EXT_INT_PROGRAM.o
 .debug_info    0x000012a5      0x2a2 MCAL/Timer/TIMER_PROGRAM.o

.debug_abbrev   0x00000000      0x9e0
 *(.debug_abbrev)
 .debug_abbrev  0x00000000      0x4a3 C:/Program Files (x86)/Atmel/Studio/7.0/Packs/atmel/ATmega_DFP/1.6.364/gcc/dev/atmega32a/avr5/crtatmega32a.o
 .debug_abbrev  0x000004a3      0x123 application/APPLICATION.o
 .debug_abbrev  0x000005c6       0xec HAL/LEDS/LED_Program.o
 .debug_abbrev  0x000006b2       0x68 main.o
 .debug_abbrev  0x0000071a       0xf9 MCAL/DIO/DIO_PROGRAM.o
 .debug_abbrev  0x00000813       0xca MCAL/EXTERNAL INTERRUPT/EXT_INT_PROGRAM.o
 .debug_abbrev  0x000008dd      0x103 MCAL/Timer/TIMER_PROGRAM.o

.debug_line     0x00000000     0x1310
 *(.debug_line .debug_line.* .debug_line_end)
 .debug_line    0x00000000      0x116 C:/Program Files (x86)/Atmel/Studio/7.0/Packs/atmel/ATmega_DFP/1.6.364/gcc/dev/atmega32a/avr5/crtatmega32a.o
 .debug_line    0x00000116      0x54d application/APPLICATION.o
 .debug_line    0x00000663      0x1ac HAL/LEDS/LED_Program.o
 .debug_line    0x0000080f       0x81 main.o
 .debug_line    0x00000890      0x3f1 MCAL/DIO/DIO_PROGRAM.o
 .debug_line    0x00000c81      0x301 MCAL/EXTERNAL INTERRUPT/EXT_INT_PROGRAM.o
 .debug_line    0x00000f82      0x38e MCAL/Timer/TIMER_PROGRAM.o

.debug_frame    0x00000000      0x3d0
 *(.debug_frame)
 .debug_frame   0x00000000       0x78 application/APPLICATION.o
 .debug_frame   0x00000078       0x40 HAL/LEDS/LED_Program.o
 .debug_frame   0x000000b8       0x24 main.o
 .debug_frame   0x000000dc       0x54 MCAL/DIO/DIO_PROGRAM.o
 .debug_frame   0x00000130      0x13c MCAL/EXTERNAL INTERRUPT/EXT_INT_PROGRAM.o
 .debug_frame   0x0000026c      0x164 MCAL/Timer/TIMER_PROGRAM.o

.debug_str      0x00000000      0x714
 *(.debug_str)
 .debug_str     0x00000000      0x196 C:/Program Files (x86)/Atmel/Studio/7.0/Packs/atmel/ATmega_DFP/1.6.364/gcc/dev/atmega32a/avr5/crtatmega32a.o
 .debug_str     0x00000196      0x2b3 application/APPLICATION.o
                                0x2cc (size before relaxing)
 .debug_str     0x00000449       0x7c HAL/LEDS/LED_Program.o
                                0x230 (size before relaxing)
 .debug_str     0x000004c5       0x11 main.o
                                0x179 (size before relaxing)
 .debug_str     0x000004d6       0x3a MCAL/DIO/DIO_PROGRAM.o
                                0x22c (size before relaxing)
 .debug_str     0x00000510       0xc7 MCAL/EXTERNAL INTERRUPT/EXT_INT_PROGRAM.o
                                0x255 (size before relaxing)
 .debug_str     0x000005d7      0x13d MCAL/Timer/TIMER_PROGRAM.o
                                0x30d (size before relaxing)

.debug_loc      0x00000000     0x1641
 *(.debug_loc)
 .debug_loc     0x00000000      0x152 application/APPLICATION.o
 .debug_loc     0x00000152      0x1ee HAL/LEDS/LED_Program.o
 .debug_loc     0x00000340      0xb55 MCAL/DIO/DIO_PROGRAM.o
 .debug_loc     0x00000e95      0x4ba MCAL/EXTERNAL INTERRUPT/EXT_INT_PROGRAM.o
 .debug_loc     0x0000134f      0x2f2 MCAL/Timer/TIMER_PROGRAM.o

.debug_macinfo
 *(.debug_macinfo)

.debug_weaknames
 *(.debug_weaknames)

.debug_funcnames
 *(.debug_funcnames)

.debug_typenames
 *(.debug_typenames)

.debug_varnames
 *(.debug_varnames)

.debug_pubtypes
 *(.debug_pubtypes)

.debug_ranges   0x00000000      0x120
 *(.debug_ranges)
 .debug_ranges  0x00000000       0x48 application/APPLICATION.o
 .debug_ranges  0x00000048       0x18 HAL/LEDS/LED_Program.o
 .debug_ranges  0x00000060       0x10 main.o
 .debug_ranges  0x00000070       0x28 MCAL/DIO/DIO_PROGRAM.o
 .debug_ranges  0x00000098       0x30 MCAL/EXTERNAL INTERRUPT/EXT_INT_PROGRAM.o
 .debug_ranges  0x000000c8       0x58 MCAL/Timer/TIMER_PROGRAM.o

.debug_macro
 *(.debug_macro)
OUTPUT(udacity traffic final project.elf elf32-avr)
LOAD linker stubs
